------------------------------------------------------------
Timing Analyzer Summary
------------------------------------------------------------

Type  : Slow 1100mV 85C Model Setup 'KEY[0]'
Slack : -1.969
TNS   : -14.126

Type  : Slow 1100mV 85C Model Hold 'KEY[0]'
Slack : 0.313
TNS   : 0.000

Type  : Slow 1100mV 85C Model Minimum Pulse Width 'KEY[0]'
Slack : -0.538
TNS   : -6.926

Type  : Slow 1100mV 0C Model Setup 'KEY[0]'
Slack : -1.927
TNS   : -13.451

Type  : Slow 1100mV 0C Model Hold 'KEY[0]'
Slack : 0.353
TNS   : 0.000

Type  : Slow 1100mV 0C Model Minimum Pulse Width 'KEY[0]'
Slack : -0.538
TNS   : -6.918

Type  : Fast 1100mV 85C Model Setup 'KEY[0]'
Slack : -0.354
TNS   : -1.898

Type  : Fast 1100mV 85C Model Hold 'KEY[0]'
Slack : 0.302
TNS   : 0.000

Type  : Fast 1100mV 85C Model Minimum Pulse Width 'KEY[0]'
Slack : 0.033
TNS   : 0.000

Type  : Fast 1100mV 0C Model Setup 'KEY[0]'
Slack : -0.260
TNS   : -1.129

Type  : Fast 1100mV 0C Model Hold 'KEY[0]'
Slack : 0.287
TNS   : 0.000

Type  : Fast 1100mV 0C Model Minimum Pulse Width 'KEY[0]'
Slack : 0.034
TNS   : 0.000

------------------------------------------------------------
