------------------------------------------------------------
Timing Analyzer Summary
------------------------------------------------------------

Type  : Slow 1100mV 85C Model Setup 'CLK'
Slack : -1.120
TNS   : -1.120

Type  : Slow 1100mV 85C Model Hold 'CLK'
Slack : 0.369
TNS   : 0.000

Type  : Slow 1100mV 85C Model Minimum Pulse Width 'CLK'
Slack : -0.538
TNS   : -0.780

Type  : Slow 1100mV 0C Model Setup 'CLK'
Slack : -1.021
TNS   : -1.021

Type  : Slow 1100mV 0C Model Hold 'CLK'
Slack : 0.328
TNS   : 0.000

Type  : Slow 1100mV 0C Model Minimum Pulse Width 'CLK'
Slack : -0.538
TNS   : -0.783

Type  : Fast 1100mV 85C Model Setup 'CLK'
Slack : -0.212
TNS   : -0.212

Type  : Fast 1100mV 85C Model Hold 'CLK'
Slack : 0.154
TNS   : 0.000

Type  : Fast 1100mV 85C Model Minimum Pulse Width 'CLK'
Slack : -0.190
TNS   : -0.190

Type  : Fast 1100mV 0C Model Setup 'CLK'
Slack : -0.149
TNS   : -0.149

Type  : Fast 1100mV 0C Model Hold 'CLK'
Slack : 0.112
TNS   : 0.000

Type  : Fast 1100mV 0C Model Minimum Pulse Width 'CLK'
Slack : -0.216
TNS   : -0.216

------------------------------------------------------------
